
===========================================================================
 report_power
============================================================================
======================= Fastest Corner ===================================

Group                  Internal  Switching    Leakage      Total
                          Power      Power      Power      Power (Watts)
----------------------------------------------------------------
Sequential             3.12e-04   8.33e-05   2.29e-07   3.95e-04  37.4%
Combinational          3.82e-04   2.79e-04   3.24e-09   6.61e-04  62.6%
Macro                  0.00e+00   0.00e+00   0.00e+00   0.00e+00   0.0%
Pad                    0.00e+00   0.00e+00   0.00e+00   0.00e+00   0.0%
----------------------------------------------------------------
Total                  6.94e-04   3.63e-04   2.32e-07   1.06e-03 100.0%
                          65.6%      34.3%       0.0%

======================= Slowest Corner ===================================

Group                  Internal  Switching    Leakage      Total
                          Power      Power      Power      Power (Watts)
----------------------------------------------------------------
Sequential             2.10e-04   5.38e-05   9.13e-07   2.64e-04  36.7%
Combinational          2.73e-04   1.82e-04   1.43e-06   4.56e-04  63.3%
Macro                  0.00e+00   0.00e+00   0.00e+00   0.00e+00   0.0%
Pad                    0.00e+00   0.00e+00   0.00e+00   0.00e+00   0.0%
----------------------------------------------------------------
Total                  4.83e-04   2.36e-04   2.34e-06   7.21e-04 100.0%
                          67.0%      32.7%       0.3%

======================= Typical Corner ===================================

Group                  Internal  Switching    Leakage      Total
                          Power      Power      Power      Power (Watts)
----------------------------------------------------------------
Sequential             2.70e-04   6.93e-05   2.29e-07   3.39e-04  37.3%
Combinational          3.37e-04   2.34e-04   1.78e-09   5.71e-04  62.7%
Macro                  0.00e+00   0.00e+00   0.00e+00   0.00e+00   0.0%
Pad                    0.00e+00   0.00e+00   0.00e+00   0.00e+00   0.0%
----------------------------------------------------------------
Total                  6.07e-04   3.04e-04   2.30e-07   9.11e-04 100.0%
                          66.6%      33.4%       0.0%

