
===========================================================================
report_checks -unconstrained
===========================================================================
======================= Typical Corner ===================================

Startpoint: rst (input port clocked by clk)
Endpoint: _427_ (recovery check against rising-edge clock clk)
Path Group: asynchronous
Path Type: max

Fanout     Cap    Slew   Delay    Time   Description
-----------------------------------------------------------------------------
                  0.15    0.00    0.00   clock clk (rise edge)
                          0.00    0.00   clock network delay (ideal)
                          2.00    2.00 v input external delay
                  0.02    0.01    2.01 v rst (in)
     3    0.01                           rst (net)
                  0.02    0.00    2.01 v _355_/A (sky130_fd_sc_hd__buf_1)
                  0.26    0.27    2.28 v _355_/X (sky130_fd_sc_hd__buf_1)
    10    0.04                           _199_ (net)
                  0.26    0.00    2.28 v _367_/A (sky130_fd_sc_hd__buf_1)
                  0.32    0.41    2.69 v _367_/X (sky130_fd_sc_hd__buf_1)
    10    0.06                           _201_ (net)
                  0.32    0.00    2.69 v _377_/A (sky130_fd_sc_hd__inv_2)
                  0.08    0.12    2.82 ^ _377_/Y (sky130_fd_sc_hd__inv_2)
     1    0.00                           _021_ (net)
                  0.08    0.00    2.82 ^ _427_/RESET_B (sky130_fd_sc_hd__dfrtp_2)
                                  2.82   data arrival time

                  0.15   10.00   10.00   clock clk (rise edge)
                          0.00   10.00   clock network delay (ideal)
                         -0.25    9.75   clock uncertainty
                          0.00    9.75   clock reconvergence pessimism
                                  9.75 ^ _427_/CLK (sky130_fd_sc_hd__dfrtp_2)
                          0.24    9.99   library recovery time
                                  9.99   data required time
-----------------------------------------------------------------------------
                                  9.99   data required time
                                 -2.82   data arrival time
-----------------------------------------------------------------------------
                                  7.17   slack (MET)


Startpoint: start (input port clocked by clk)
Endpoint: _453_ (rising edge-triggered flip-flop clocked by clk)
Path Group: clk
Path Type: max

Fanout     Cap    Slew   Delay    Time   Description
-----------------------------------------------------------------------------
                  0.15    0.00    0.00   clock clk (rise edge)
                          0.00    0.00   clock network delay (ideal)
                          2.00    2.00 ^ input external delay
                  0.05    0.03    2.03 ^ start (in)
     2    0.01                           start (net)
                  0.05    0.00    2.03 ^ _204_/B (sky130_fd_sc_hd__or2_2)
                  0.13    0.18    2.21 ^ _204_/X (sky130_fd_sc_hd__or2_2)
     6    0.02                           _096_ (net)
                  0.13    0.00    2.21 ^ _222_/A (sky130_fd_sc_hd__and3_2)
                  0.04    0.19    2.40 ^ _222_/X (sky130_fd_sc_hd__and3_2)
     1    0.00                           _113_ (net)
                  0.04    0.00    2.40 ^ _223_/A (sky130_fd_sc_hd__buf_1)
                  0.48    0.40    2.80 ^ _223_/X (sky130_fd_sc_hd__buf_1)
    10    0.04                           _114_ (net)
                  0.48    0.00    2.80 ^ _229_/S (sky130_fd_sc_hd__mux2_2)
                  0.05    0.40    3.21 v _229_/X (sky130_fd_sc_hd__mux2_2)
     1    0.00                           _119_ (net)
                  0.05    0.00    3.21 v _230_/A (sky130_fd_sc_hd__buf_1)
                  0.02    0.09    3.30 v _230_/X (sky130_fd_sc_hd__buf_1)
     1    0.00                           _093_ (net)
                  0.02    0.00    3.30 v _453_/D (sky130_fd_sc_hd__dfrtp_2)
                                  3.30   data arrival time

                  0.15   10.00   10.00   clock clk (rise edge)
                          0.00   10.00   clock network delay (ideal)
                         -0.25    9.75   clock uncertainty
                          0.00    9.75   clock reconvergence pessimism
                                  9.75 ^ _453_/CLK (sky130_fd_sc_hd__dfrtp_2)
                         -0.08    9.67   library setup time
                                  9.67   data required time
-----------------------------------------------------------------------------
                                  9.67   data required time
                                 -3.30   data arrival time
-----------------------------------------------------------------------------
                                  6.37   slack (MET)




===========================================================================
report_checks --slack_max -0.01
============================================================================
======================= Typical Corner ===================================

No paths found.


===========================================================================
 report_check_types -max_slew -max_cap -max_fanout -violators
============================================================================
======================= Typical Corner ===================================



===========================================================================
report_parasitic_annotation -report_unannotated
============================================================================
Found 264 unannotated drivers.
 clk
 miso
 rst
 start
 tx_data[0]
 tx_data[1]
 tx_data[2]
 tx_data[3]
 tx_data[4]
 tx_data[5]
 tx_data[6]
 tx_data[7]
 _204_/X
 _205_/X
 _206_/X
 _207_/X
 _208_/X
 _209_/Y
 _210_/Y
 _211_/X
 _212_/Y
 _213_/X
 _214_/X
 _215_/Y
 _216_/Y
 _217_/Y
 _218_/X
 _219_/X
 _220_/X
 _221_/Y
 _222_/X
 _223_/X
 _224_/Y
 _225_/Y
 _226_/X
 _227_/X
 _228_/X
 _229_/X
 _230_/X
 _231_/X
 _232_/Y
 _233_/X
 _234_/X
 _235_/Y
 _236_/Y
 _237_/Y
 _238_/X
 _239_/Y
 _240_/X
 _241_/X
 _242_/X
 _243_/X
 _244_/X
 _245_/X
 _246_/X
 _247_/X
 _248_/X
 _249_/X
 _250_/X
 _251_/X
 _252_/X
 _253_/X
 _254_/X
 _255_/X
 _256_/X
 _257_/X
 _258_/X
 _259_/X
 _260_/X
 _261_/X
 _262_/X
 _263_/X
 _264_/X
 _265_/X
 _266_/X
 _267_/X
 _268_/X
 _269_/X
 _270_/X
 _271_/X
 _272_/X
 _273_/Y
 _274_/Y
 _275_/Y
 _276_/X
 _277_/X
 _278_/X
 _279_/X
 _280_/X
 _281_/X
 _282_/X
 _283_/X
 _284_/X
 _285_/X
 _286_/X
 _287_/X
 _288_/X
 _289_/X
 _290_/X
 _291_/X
 _292_/X
 _293_/X
 _294_/X
 _295_/Y
 _296_/X
 _297_/X
 _298_/X
 _299_/X
 _300_/X
 _301_/Y
 _302_/X
 _303_/X
 _304_/X
 _305_/X
 _306_/X
 _307_/X
 _308_/Y
 _309_/X
 _310_/X
 _311_/X
 _312_/X
 _313_/X
 _314_/Y
 _315_/Y
 _316_/X
 _317_/X
 _318_/X
 _319_/X
 _320_/X
 _321_/X
 _322_/Y
 _323_/X
 _324_/X
 _325_/X
 _326_/X
 _327_/X
 _328_/X
 _329_/X
 _330_/X
 _331_/Y
 _332_/X
 _333_/X
 _334_/X
 _335_/X
 _336_/Y
 _337_/Y
 _338_/X
 _339_/X
 _340_/X
 _341_/X
 _342_/X
 _343_/Y
 _344_/Y
 _345_/X
 _346_/X
 _347_/X
 _348_/X
 _349_/Y
 _350_/X
 _351_/Y
 _352_/X
 _353_/X
 _354_/Y
 _355_/X
 _356_/X
 _357_/Y
 _358_/Y
 _359_/Y
 _360_/Y
 _361_/Y
 _362_/Y
 _363_/Y
 _364_/Y
 _365_/Y
 _366_/Y
 _367_/X
 _368_/Y
 _369_/Y
 _370_/Y
 _371_/Y
 _372_/Y
 _373_/Y
 _374_/Y
 _375_/Y
 _376_/Y
 _377_/Y
 _378_/X
 _379_/Y
 _380_/Y
 _381_/Y
 _382_/Y
 _383_/Y
 _384_/Y
 _385_/Y
 _386_/Y
 _387_/Y
 _388_/Y
 _389_/X
 _390_/Y
 _391_/Y
 _392_/Y
 _393_/Y
 _394_/Y
 _395_/Y
 _396_/Y
 _397_/Y
 _398_/Y
 _399_/Y
 _400_/Y
 _401_/Y
 _402_/Y
 _403_/Y
 _404_/Y
 _405_/Y
 _406_/Y
 _407_/Y
 _408_/Q
 _409_/Q
 _410_/Q
 _411_/Q
 _412_/Q
 _413_/Q
 _414_/Q
 _415_/Q
 _416_/Q
 _417_/Q
 _418_/Q
 _419_/Q
 _420_/Q
 _421_/Q
 _422_/Q
 _423_/Q
 _424_/Q
 _425_/Q
 _426_/Q
 _427_/Q
 _428_/Q
 _429_/Q
 _430_/Q
 _431_/Q
 _432_/Q
 _433_/Q
 _434_/Q
 _435_/Q
 _436_/Q
 _437_/Q
 _438_/Q
 _439_/Q
 _440_/Q
 _441_/Q
 _442_/Q
 _443_/Q
 _444_/Q
 _445_/Q
 _446_/Q
 _447_/Q
 _448_/Q
 _449_/Q
 _450_/Q
 _451_/Q
 _452_/Q
 _453_/Q
 _454_/Q
 _455_/Q
Found 0 partially unannotated drivers.

===========================================================================
max slew violation count 0
max fanout violation count 0
max cap violation count 0
============================================================================

===========================================================================
check_setup -verbose -unconstrained_endpoints -multiple_clock -no_clock -no_input_delay -loops -generated_clocks
===========================================================================
