
===========================================================================
 report_power
============================================================================
======================= Fastest Corner ===================================

Group                  Internal  Switching    Leakage      Total
                          Power      Power      Power      Power (Watts)
----------------------------------------------------------------
Sequential             3.11e-04   8.95e-05   2.29e-07   4.00e-04  37.2%
Combinational          3.82e-04   2.94e-04   3.24e-09   6.76e-04  62.8%
Macro                  0.00e+00   0.00e+00   0.00e+00   0.00e+00   0.0%
Pad                    0.00e+00   0.00e+00   0.00e+00   0.00e+00   0.0%
----------------------------------------------------------------
Total                  6.93e-04   3.83e-04   2.32e-07   1.08e-03 100.0%
                          64.4%      35.6%       0.0%

======================= Slowest Corner ===================================

Group                  Internal  Switching    Leakage      Total
                          Power      Power      Power      Power (Watts)
----------------------------------------------------------------
Sequential             2.09e-04   5.80e-05   9.13e-07   2.68e-04  36.5%
Combinational          2.73e-04   1.92e-04   1.43e-06   4.67e-04  63.5%
Macro                  0.00e+00   0.00e+00   0.00e+00   0.00e+00   0.0%
Pad                    0.00e+00   0.00e+00   0.00e+00   0.00e+00   0.0%
----------------------------------------------------------------
Total                  4.82e-04   2.50e-04   2.34e-06   7.34e-04 100.0%
                          65.7%      34.0%       0.3%

======================= Typical Corner ===================================

Group                  Internal  Switching    Leakage      Total
                          Power      Power      Power      Power (Watts)
----------------------------------------------------------------
Sequential             2.69e-04   7.46e-05   2.29e-07   3.44e-04  37.1%
Combinational          3.37e-04   2.47e-04   1.78e-09   5.84e-04  62.9%
Macro                  0.00e+00   0.00e+00   0.00e+00   0.00e+00   0.0%
Pad                    0.00e+00   0.00e+00   0.00e+00   0.00e+00   0.0%
----------------------------------------------------------------
Total                  6.07e-04   3.22e-04   2.30e-07   9.28e-04 100.0%
                          65.3%      34.6%       0.0%

