
===========================================================================
 report_power
============================================================================
======================= Fastest Corner ===================================

Group                  Internal  Switching    Leakage      Total
                          Power      Power      Power      Power (Watts)
----------------------------------------------------------------
Sequential             3.11e-04   8.64e-05   2.29e-07   3.98e-04  37.3%
Combinational          3.82e-04   2.87e-04   3.24e-09   6.69e-04  62.7%
Macro                  0.00e+00   0.00e+00   0.00e+00   0.00e+00   0.0%
Pad                    0.00e+00   0.00e+00   0.00e+00   0.00e+00   0.0%
----------------------------------------------------------------
Total                  6.93e-04   3.73e-04   2.32e-07   1.07e-03 100.0%
                          65.0%      35.0%       0.0%

======================= Slowest Corner ===================================

Group                  Internal  Switching    Leakage      Total
                          Power      Power      Power      Power (Watts)
----------------------------------------------------------------
Sequential             2.09e-04   5.59e-05   9.13e-07   2.66e-04  36.6%
Combinational          2.73e-04   1.87e-04   1.43e-06   4.62e-04  63.4%
Macro                  0.00e+00   0.00e+00   0.00e+00   0.00e+00   0.0%
Pad                    0.00e+00   0.00e+00   0.00e+00   0.00e+00   0.0%
----------------------------------------------------------------
Total                  4.83e-04   2.43e-04   2.34e-06   7.28e-04 100.0%
                          66.3%      33.4%       0.3%

======================= Typical Corner ===================================

Group                  Internal  Switching    Leakage      Total
                          Power      Power      Power      Power (Watts)
----------------------------------------------------------------
Sequential             2.70e-04   7.20e-05   2.29e-07   3.42e-04  37.2%
Combinational          3.37e-04   2.41e-04   1.78e-09   5.78e-04  62.8%
Macro                  0.00e+00   0.00e+00   0.00e+00   0.00e+00   0.0%
Pad                    0.00e+00   0.00e+00   0.00e+00   0.00e+00   0.0%
----------------------------------------------------------------
Total                  6.07e-04   3.13e-04   2.30e-07   9.20e-04 100.0%
                          66.0%      34.0%       0.0%

