
61. Printing statistics.

=== spi_master ===

   Number of wires:                250
   Number of wire bits:            264
   Number of public wires:          46
   Number of public wire bits:      60
   Number of memories:               0
   Number of memory bits:            0
   Number of processes:              0
   Number of cells:                252
     sky130_fd_sc_hd__a21bo_2        1
     sky130_fd_sc_hd__a21o_2        14
     sky130_fd_sc_hd__a21oi_2        3
     sky130_fd_sc_hd__a22o_2         8
     sky130_fd_sc_hd__a2bb2o_2       3
     sky130_fd_sc_hd__a31o_2         1
     sky130_fd_sc_hd__a31oi_2        1
     sky130_fd_sc_hd__a32o_2         1
     sky130_fd_sc_hd__a41o_2         1
     sky130_fd_sc_hd__and2_2         3
     sky130_fd_sc_hd__and3_2         8
     sky130_fd_sc_hd__and3b_2        2
     sky130_fd_sc_hd__and4_2         6
     sky130_fd_sc_hd__buf_1         36
     sky130_fd_sc_hd__dfrtp_2       47
     sky130_fd_sc_hd__dfstp_2        1
     sky130_fd_sc_hd__inv_2         55
     sky130_fd_sc_hd__mux2_2        29
     sky130_fd_sc_hd__nand2_2        9
     sky130_fd_sc_hd__nand3_2        2
     sky130_fd_sc_hd__nand4_2        1
     sky130_fd_sc_hd__nor2_2         7
     sky130_fd_sc_hd__nor4_2         1
     sky130_fd_sc_hd__o211a_2        1
     sky130_fd_sc_hd__o21a_2         2
     sky130_fd_sc_hd__o31a_2         2
     sky130_fd_sc_hd__or2_2          3
     sky130_fd_sc_hd__or4_2          3
     sky130_fd_sc_hd__or4bb_2        1

   Chip area for module '\spi_master': 2658.800000

