
===========================================================================
report_checks -unconstrained
===========================================================================
======================= Typical Corner ===================================

Startpoint: rst (input port clocked by clk)
Endpoint: _409_ (recovery check against rising-edge clock clk)
Path Group: asynchronous
Path Type: max

Fanout     Cap    Slew   Delay    Time   Description
-----------------------------------------------------------------------------
                          0.00    0.00   clock clk (rise edge)
                          0.00    0.00   clock network delay (propagated)
                          2.00    2.00 v input external delay
                  0.01    0.00    2.00 v rst (in)
     1    0.00                           rst (net)
                  0.01    0.00    2.00 v input2/A (sky130_fd_sc_hd__buf_1)
                  0.05    0.10    2.11 v input2/X (sky130_fd_sc_hd__buf_1)
     3    0.01                           net2 (net)
                  0.05    0.00    2.11 v _355_/A (sky130_fd_sc_hd__buf_4)
                  0.08    0.20    2.31 v _355_/X (sky130_fd_sc_hd__buf_4)
    10    0.05                           _199_ (net)
                  0.08    0.00    2.31 v _356_/A (sky130_fd_sc_hd__buf_4)
                  0.08    0.22    2.53 v _356_/X (sky130_fd_sc_hd__buf_4)
    10    0.06                           _200_ (net)
                  0.08    0.00    2.53 v _358_/A (sky130_fd_sc_hd__inv_2)
                  0.03    0.06    2.59 ^ _358_/Y (sky130_fd_sc_hd__inv_2)
     1    0.00                           _003_ (net)
                  0.03    0.00    2.59 ^ _409_/RESET_B (sky130_fd_sc_hd__dfrtp_4)
                                  2.59   data arrival time

                         10.00   10.00   clock clk (rise edge)
                          0.00   10.00   clock source latency
                  0.08    0.05   10.05 ^ clk (in)
     1    0.02                           clk (net)
                  0.08    0.00   10.05 ^ clkbuf_0_clk/A (sky130_fd_sc_hd__clkbuf_16)
                  0.06    0.15   10.20 ^ clkbuf_0_clk/X (sky130_fd_sc_hd__clkbuf_16)
     4    0.04                           clknet_0_clk (net)
                  0.06    0.00   10.20 ^ clkbuf_2_2__f_clk/A (sky130_fd_sc_hd__clkbuf_16)
                  0.05    0.14   10.34 ^ clkbuf_2_2__f_clk/X (sky130_fd_sc_hd__clkbuf_16)
    10    0.03                           clknet_2_2__leaf_clk (net)
                  0.05    0.00   10.34 ^ _409_/CLK (sky130_fd_sc_hd__dfrtp_4)
                         -0.25   10.09   clock uncertainty
                          0.00   10.09   clock reconvergence pessimism
                          0.22   10.31   library recovery time
                                 10.31   data required time
-----------------------------------------------------------------------------
                                 10.31   data required time
                                 -2.59   data arrival time
-----------------------------------------------------------------------------
                                  7.72   slack (MET)


Startpoint: _421_ (rising edge-triggered flip-flop clocked by clk)
Endpoint: _427_ (rising edge-triggered flip-flop clocked by clk)
Path Group: clk
Path Type: max

Fanout     Cap    Slew   Delay    Time   Description
-----------------------------------------------------------------------------
                          0.00    0.00   clock clk (rise edge)
                          0.00    0.00   clock source latency
                  0.08    0.06    0.06 ^ clk (in)
     1    0.02                           clk (net)
                  0.08    0.00    0.06 ^ clkbuf_0_clk/A (sky130_fd_sc_hd__clkbuf_16)
                  0.06    0.16    0.22 ^ clkbuf_0_clk/X (sky130_fd_sc_hd__clkbuf_16)
     4    0.04                           clknet_0_clk (net)
                  0.06    0.00    0.22 ^ clkbuf_2_3__f_clk/A (sky130_fd_sc_hd__clkbuf_16)
                  0.06    0.15    0.37 ^ clkbuf_2_3__f_clk/X (sky130_fd_sc_hd__clkbuf_16)
    12    0.04                           clknet_2_3__leaf_clk (net)
                  0.06    0.00    0.38 ^ _421_/CLK (sky130_fd_sc_hd__dfrtp_1)
                  0.08    0.42    0.80 v _421_/Q (sky130_fd_sc_hd__dfrtp_1)
     3    0.01                           clk_count[13] (net)
                  0.08    0.00    0.80 v _205_/A (sky130_fd_sc_hd__or4_1)
                  0.09    0.57    1.37 v _205_/X (sky130_fd_sc_hd__or4_1)
     1    0.00                           _097_ (net)
                  0.09    0.00    1.37 v _209_/A (sky130_fd_sc_hd__nor4_1)
                  0.42    0.46    1.83 ^ _209_/Y (sky130_fd_sc_hd__nor4_1)
     2    0.01                           _101_ (net)
                  0.42    0.00    1.83 ^ max_cap25/A (sky130_fd_sc_hd__buf_1)
                  0.15    0.22    2.05 ^ max_cap25/X (sky130_fd_sc_hd__buf_1)
     3    0.01                           net25 (net)
                  0.15    0.00    2.05 ^ _217_/C (sky130_fd_sc_hd__nand4_1)
                  0.13    0.17    2.22 v _217_/Y (sky130_fd_sc_hd__nand4_1)
     3    0.01                           _109_ (net)
                  0.13    0.00    2.22 v _218_/A (sky130_fd_sc_hd__buf_4)
                  0.09    0.25    2.46 v _218_/X (sky130_fd_sc_hd__buf_4)
    10    0.06                           _110_ (net)
                  0.09    0.00    2.47 v _291_/S (sky130_fd_sc_hd__mux2_1)
                  0.05    0.33    2.80 v _291_/X (sky130_fd_sc_hd__mux2_1)
     1    0.00                           _154_ (net)
                  0.05    0.00    2.80 v hold36/A (sky130_fd_sc_hd__dlygate4sd3_1)
                  0.06    0.58    3.38 v hold36/X (sky130_fd_sc_hd__dlygate4sd3_1)
     1    0.00                           net61 (net)
                  0.06    0.00    3.38 v _292_/A (sky130_fd_sc_hd__clkbuf_1)
                  0.03    0.10    3.48 v _292_/X (sky130_fd_sc_hd__clkbuf_1)
     1    0.00                           _067_ (net)
                  0.03    0.00    3.48 v _427_/D (sky130_fd_sc_hd__dfrtp_1)
                                  3.48   data arrival time

                         10.00   10.00   clock clk (rise edge)
                          0.00   10.00   clock source latency
                  0.08    0.05   10.05 ^ clk (in)
     1    0.02                           clk (net)
                  0.08    0.00   10.05 ^ clkbuf_0_clk/A (sky130_fd_sc_hd__clkbuf_16)
                  0.06    0.15   10.20 ^ clkbuf_0_clk/X (sky130_fd_sc_hd__clkbuf_16)
     4    0.04                           clknet_0_clk (net)
                  0.06    0.00   10.20 ^ clkbuf_2_1__f_clk/A (sky130_fd_sc_hd__clkbuf_16)
                  0.06    0.14   10.34 ^ clkbuf_2_1__f_clk/X (sky130_fd_sc_hd__clkbuf_16)
    12    0.04                           clknet_2_1__leaf_clk (net)
                  0.06    0.00   10.34 ^ _427_/CLK (sky130_fd_sc_hd__dfrtp_1)
                         -0.25   10.09   clock uncertainty
                          0.02   10.11   clock reconvergence pessimism
                         -0.10   10.01   library setup time
                                 10.01   data required time
-----------------------------------------------------------------------------
                                 10.01   data required time
                                 -3.48   data arrival time
-----------------------------------------------------------------------------
                                  6.53   slack (MET)




===========================================================================
report_checks --slack_max -0.01
============================================================================
======================= Typical Corner ===================================

No paths found.


===========================================================================
 report_check_types -max_slew -max_cap -max_fanout -violators
============================================================================
======================= Typical Corner ===================================

max fanout

Pin                                   Limit Fanout  Slack
---------------------------------------------------------
clkbuf_2_0__f_clk/X                      10     14     -4 (VIOLATED)
clkbuf_2_1__f_clk/X                      10     12     -2 (VIOLATED)
clkbuf_2_3__f_clk/X                      10     12     -2 (VIOLATED)



===========================================================================
report_parasitic_annotation -report_unannotated
============================================================================
Found 0 unannotated drivers.
Found 0 partially unannotated drivers.

===========================================================================
max slew violation count 0
max fanout violation count 3
max cap violation count 0
============================================================================

===========================================================================
check_setup -verbose -unconstrained_endpoints -multiple_clock -no_clock -no_input_delay -loops -generated_clocks
===========================================================================
