Instance name,  X location,  Y location,  Voltage 
output13, 75.14, 87.04, 0.000271379
output16, 75.14, 87.04, 0.000271379
FILLER_0_28_159, 75.14, 87.04, 0.000271379
FILLER_0_27_157, 75.14, 81.6, 0.000243367
FILLER_0_25_162, 75.14, 76.16, 0.000234122
_293_, 75.14, 70.72, 0.000243174
hold21, 75.14, 70.72, 0.000243174
hold33, 75.14, 70.72, 0.000243174
FILLER_0_23_161, 75.14, 70.72, 0.000243174
_266_, 75.14, 65.28, 0.000252534
_294_, 75.14, 65.28, 0.000252534
_426_, 75.14, 65.28, 0.000252534
hold34, 75.14, 65.28, 0.000252534
_269_, 75.14, 59.84, 0.00024534
_371_, 75.14, 59.84, 0.00024534
_419_, 75.14, 59.84, 0.00024534
FILLER_0_17_145, 75.14, 59.84, 0.00024534
_317_, 75.14, 54.4, 0.000237446
_318_, 75.14, 54.4, 0.000237446
_320_, 75.14, 54.4, 0.000237446
FILLER_0_16_141, 75.14, 54.4, 0.000237446
_315_, 75.14, 48.96, 0.000274665
_316_, 75.14, 48.96, 0.000274665
_319_, 75.14, 48.96, 0.000274665
_321_, 75.14, 48.96, 0.000274665
_418_, 75.14, 48.96, 0.000274665
FILLER_0_13_141, 75.14, 48.96, 0.000274665
FILLER_0_14_141, 75.14, 48.96, 0.000274665
FILLER_0_15_157, 75.14, 48.96, 0.000274665
_313_, 75.14, 43.52, 0.00028246
_314_, 75.14, 43.52, 0.00028246
_324_, 75.14, 43.52, 0.00028246
FILLER_0_11_148, 75.14, 43.52, 0.00028246
_325_, 75.14, 38.08, 0.000318023
_326_, 75.14, 38.08, 0.000318023
_327_, 75.14, 38.08, 0.000318023
_416_, 75.14, 38.08, 0.000318023
hold14, 75.14, 38.08, 0.000318023
FILLER_0_10_141, 75.14, 38.08, 0.000318023
FILLER_0_10_151, 75.14, 38.08, 0.000318023
_323_, 75.14, 32.64, 0.000323299
_364_, 75.14, 32.64, 0.000323299
_417_, 75.14, 32.64, 0.000323299
hold15, 75.14, 32.64, 0.000323299
_297_, 75.14, 27.2, 0.000323101
_337_, 75.14, 27.2, 0.000323101
_342_, 75.14, 27.2, 0.000323101
_354_, 75.14, 27.2, 0.000323101
_425_, 75.14, 27.2, 0.000323101
FILLER_0_6_148, 75.14, 27.2, 0.000323101
FILLER_0_7_162, 75.14, 27.2, 0.000323101
_336_, 75.14, 21.76, 0.000339781
_338_, 75.14, 21.76, 0.000339781
_339_, 75.14, 21.76, 0.000339781
_412_, 75.14, 21.76, 0.000339781
hold13, 75.14, 21.76, 0.000339781
FILLER_0_5_155, 75.14, 21.76, 0.000339781
_340_, 75.14, 16.32, 0.00034449
_361_, 75.14, 16.32, 0.00034449
FILLER_0_3_164, 75.14, 16.32, 0.00034449
_362_, 75.14, 10.88, 0.000349735
output14, 75.14, 10.88, 0.000349735
output20, 75.14, 10.88, 0.000349735
FILLER_0_0_146, 75.14, 10.88, 0.000349735
FILLER_0_0_154, 75.14, 10.88, 0.000349735
FILLER_0_0_163, 75.14, 10.88, 0.000349735
FILLER_0_1_156, 75.14, 10.88, 0.000349735
input7, 50.14, 87.04, 0.000262983
FILLER_0_27_89, 50.14, 87.04, 0.000262983
FILLER_0_27_97, 50.14, 87.04, 0.000262983
FILLER_0_28_97, 50.14, 87.04, 0.000262983
FILLER_0_28_104, 50.14, 87.04, 0.000262983
_257_, 50.14, 81.6, 0.000259807
_261_, 50.14, 81.6, 0.000259807
_439_, 50.14, 81.6, 0.000259807
FILLER_0_25_89, 50.14, 81.6, 0.000259807
FILLER_0_25_97, 50.14, 81.6, 0.000259807
FILLER_0_26_85, 50.14, 81.6, 0.000259807
FILLER_0_27_109, 50.14, 81.6, 0.000259807
_258_, 50.14, 76.16, 0.000257229
_260_, 50.14, 76.16, 0.000257229
_262_, 50.14, 76.16, 0.000257229
_393_, 50.14, 76.16, 0.000257229
_440_, 50.14, 76.16, 0.000257229
hold20, 50.14, 76.16, 0.000257229
FILLER_0_24_88, 50.14, 76.16, 0.000257229
_254_, 50.14, 70.72, 0.0002571
_255_, 50.14, 70.72, 0.0002571
_259_, 50.14, 70.72, 0.0002571
hold22, 50.14, 70.72, 0.0002571
_232_, 50.14, 65.28, 0.00025058
_444_, 50.14, 65.28, 0.00025058
FILLER_0_21_103, 50.14, 65.28, 0.00025058
_228_, 50.14, 59.84, 0.000245418
_272_, 50.14, 59.84, 0.000245418
_396_, 50.14, 59.84, 0.000245418
FILLER_0_17_91, 50.14, 59.84, 0.000245418
FILLER_0_18_97, 50.14, 59.84, 0.000245418
_213_, 50.14, 54.4, 0.000247832
_221_, 50.14, 54.4, 0.000247832
_222_, 50.14, 54.4, 0.000247832
_223_, 50.14, 54.4, 0.000247832
_271_, 50.14, 54.4, 0.000247832
_424_, 50.14, 54.4, 0.000247832
FILLER_0_15_85, 50.14, 54.4, 0.000247832
FILLER_0_17_102, 50.14, 54.4, 0.000247832
_212_, 50.14, 48.96, 0.000319463
_218_, 50.14, 48.96, 0.000319463
_270_, 50.14, 48.96, 0.000319463
_374_, 50.14, 48.96, 0.000319463
clkbuf_2_3__f_clk, 50.14, 48.96, 0.000319463
FILLER_0_14_88, 50.14, 48.96, 0.000319463
FILLER_0_15_109, 50.14, 48.96, 0.000319463
_211_, 50.14, 43.52, 0.000331358
_217_, 50.14, 43.52, 0.000331358
_236_, 50.14, 43.52, 0.000331358
_372_, 50.14, 43.52, 0.000331358
_422_, 50.14, 43.52, 0.000331358
FILLER_0_11_87, 50.14, 43.52, 0.000331358
FILLER_0_11_95, 50.14, 43.52, 0.000331358
FILLER_0_13_100, 50.14, 43.52, 0.000331358
_238_, 50.14, 38.08, 0.000390472
_273_, 50.14, 38.08, 0.000390472
_303_, 50.14, 38.08, 0.000390472
_423_, 50.14, 38.08, 0.000390472
max_cap25, 50.14, 38.08, 0.000390472
clkbuf_2_2__f_clk, 50.14, 38.08, 0.000390472
FILLER_0_10_92, 50.14, 38.08, 0.000390472
FILLER_0_11_109, 50.14, 38.08, 0.000390472
_206_, 50.14, 32.64, 0.000341096
_347_, 50.14, 32.64, 0.000341096
_373_, 50.14, 32.64, 0.000341096
hold25, 50.14, 32.64, 0.000341096
FILLER_0_7_95, 50.14, 32.64, 0.000341096
FILLER_0_8_93, 50.14, 32.64, 0.000341096
FILLER_0_8_104, 50.14, 32.64, 0.000341096
_204_, 50.14, 27.2, 0.000343639
_210_, 50.14, 27.2, 0.000343639
_231_, 50.14, 27.2, 0.000343639
_344_, 50.14, 27.2, 0.000343639
_345_, 50.14, 27.2, 0.000343639
_350_, 50.14, 27.2, 0.000343639
FILLER_0_7_103, 50.14, 27.2, 0.000343639
_346_, 50.14, 21.76, 0.0003452
_352_, 50.14, 21.76, 0.0003452
FILLER_0_5_104, 50.14, 21.76, 0.0003452
_349_, 50.14, 16.32, 0.000361626
_357_, 50.14, 16.32, 0.000361626
_409_, 50.14, 16.32, 0.000361626
FILLER_0_3_109, 50.14, 16.32, 0.000361626
_351_, 50.14, 10.88, 0.000376186
output18, 50.14, 10.88, 0.000376186
hold31, 50.14, 10.88, 0.000376186
FILLER_0_0_105, 50.14, 10.88, 0.000376186
FILLER_0_1_101, 50.14, 10.88, 0.000376186
output15, 25.14, 87.04, 0.000296847
FILLER_0_26_53, 25.14, 81.6, 0.000258479
FILLER_0_27_51, 25.14, 81.6, 0.000258479
_442_, 25.14, 76.16, 0.000269528
FILLER_0_23_39, 25.14, 76.16, 0.000269528
_253_, 25.14, 70.72, 0.000295352
_394_, 25.14, 70.72, 0.000295352
_433_, 25.14, 70.72, 0.000295352
_279_, 25.14, 65.28, 0.000278481
_280_, 25.14, 65.28, 0.000278481
_377_, 25.14, 65.28, 0.000278481
hold6, 25.14, 65.28, 0.000278481
_245_, 25.14, 59.84, 0.000297933
_453_, 25.14, 59.84, 0.000297933
FILLER_0_17_41, 25.14, 59.84, 0.000297933
_230_, 25.14, 54.4, 0.000262085
_405_, 25.14, 54.4, 0.000262085
hold2, 25.14, 54.4, 0.000262085
FILLER_0_16_53, 25.14, 54.4, 0.000262085
FILLER_0_17_50, 25.14, 54.4, 0.000262085
_434_, 25.14, 48.96, 0.000371871
clkbuf_2_1__f_clk, 25.14, 48.96, 0.000371871
_244_, 25.14, 43.52, 0.000393702
_278_, 25.14, 43.52, 0.000393702
_385_, 25.14, 43.52, 0.000393702
_402_, 25.14, 43.52, 0.000393702
_451_, 25.14, 43.52, 0.000393702
FILLER_0_12_53, 25.14, 43.52, 0.000393702
FILLER_0_13_52, 25.14, 43.52, 0.000393702
_240_, 25.14, 38.08, 0.000439372
hold5, 25.14, 38.08, 0.000439372
hold9, 25.14, 38.08, 0.000439372
FILLER_0_9_36, 25.14, 38.08, 0.000439372
FILLER_0_10_37, 25.14, 38.08, 0.000439372
FILLER_0_10_55, 25.14, 38.08, 0.000439372
_243_, 25.14, 32.64, 0.000379354
_448_, 25.14, 32.64, 0.000379354
_401_, 25.14, 27.2, 0.000380173
hold7, 25.14, 27.2, 0.000380173
FILLER_0_5_39, 25.14, 27.2, 0.000380173
FILLER_0_6_37, 25.14, 27.2, 0.000380173
_286_, 25.14, 21.76, 0.000381481
_379_, 25.14, 21.76, 0.000381481
_430_, 25.14, 21.76, 0.000381481
FILLER_0_4_41, 25.14, 21.76, 0.000381481
FILLER_0_5_52, 25.14, 21.76, 0.000381481
FILLER_0_3_47, 25.14, 16.32, 0.000379235
input3, 25.14, 10.88, 0.000410934
FILLER_0_0_41, 25.14, 10.88, 0.000410934
FILLER_0_0_49, 25.14, 10.88, 0.000410934
FILLER_0_1_45, 25.14, 10.88, 0.000410934
FILLER_0_1_53, 25.14, 10.88, 0.000410934
PHY_54, 5.52, 87.04, 0.000338435
PHY_56, 5.52, 87.04, 0.000338435
input10, 5.52, 87.04, 0.000338435
output17, 5.52, 87.04, 0.000338435
PHY_55, 86.94, 87.04, 0.000272306
PHY_57, 86.94, 87.04, 0.000272306
input1, 86.94, 87.04, 0.000272306
FILLER_0_27_165, 86.94, 87.04, 0.000272306
FILLER_0_27_169, 86.94, 87.04, 0.000272306
FILLER_0_28_24, 15.33, 87.04, 0.000317641
FILLER_0_28_29, 15.33, 87.04, 0.000317641
_249_, 37.64, 87.04, 0.000303151
_250_, 37.64, 87.04, 0.000303151
output23, 37.64, 87.04, 0.000303151
hold24, 37.64, 87.04, 0.000303151
FILLER_0_28_57, 37.64, 87.04, 0.000303151
FILLER_0_28_70, 37.64, 87.04, 0.000303151
FILLER_0_28_79, 37.64, 87.04, 0.000303151
hold23, 62.64, 87.04, 0.000271181
FILLER_0_28_137, 62.64, 87.04, 0.000271181
PHY_50, 5.52, 81.6, 0.000258479
PHY_52, 5.52, 81.6, 0.000258479
PHY_51, 86.94, 81.6, 0.000243813
PHY_53, 86.94, 81.6, 0.000243813
input5, 86.94, 81.6, 0.000243813
FILLER_0_26_165, 86.94, 81.6, 0.000243813
_248_, 37.64, 81.6, 0.000272733
_395_, 37.64, 81.6, 0.000272733
_443_, 37.64, 81.6, 0.000272733
FILLER_0_25_68, 37.64, 81.6, 0.000272733
FILLER_0_26_80, 37.64, 81.6, 0.000272733
_265_, 62.64, 81.6, 0.000264026
_390_, 62.64, 81.6, 0.000264026
_391_, 62.64, 81.6, 0.000264026
_438_, 62.64, 81.6, 0.000264026
hold26, 62.64, 81.6, 0.000264026
FILLER_0_26_133, 62.64, 81.6, 0.000264026
PHY_46, 5.52, 76.16, 0.000270573
PHY_48, 5.52, 76.16, 0.000270573
input6, 5.52, 76.16, 0.000270573
PHY_47, 86.94, 76.16, 0.000234122
PHY_49, 86.94, 76.16, 0.000234122
FILLER_0_23_169, 86.94, 76.16, 0.000234122
FILLER_0_24_165, 86.94, 76.16, 0.000234122
_251_, 37.64, 76.16, 0.000276055
_252_, 37.64, 76.16, 0.000276055
_275_, 37.64, 76.16, 0.000276055
hold19, 37.64, 76.16, 0.000276055
FILLER_0_23_57, 37.64, 76.16, 0.000276055
FILLER_0_24_80, 37.64, 76.16, 0.000276055
_263_, 62.64, 76.16, 0.00024872
_264_, 62.64, 76.16, 0.00024872
_268_, 62.64, 76.16, 0.00024872
_392_, 62.64, 76.16, 0.00024872
FILLER_0_23_116, 62.64, 76.16, 0.00024872
FILLER_0_24_115, 62.64, 76.16, 0.00024872
PHY_42, 5.52, 70.72, 0.000321818
PHY_44, 5.52, 70.72, 0.000321818
PHY_43, 86.94, 70.72, 0.000243174
PHY_45, 86.94, 70.72, 0.000243174
FILLER_0_21_165, 86.94, 70.72, 0.000243174
FILLER_0_21_169, 86.94, 70.72, 0.000243174
FILLER_0_22_169, 86.94, 70.72, 0.000243174
_427_, 15.33, 70.72, 0.000321818
hold36, 15.33, 70.72, 0.000321818
FILLER_0_21_15, 15.33, 70.72, 0.000321818
FILLER_0_23_27, 15.33, 70.72, 0.000321818
_234_, 37.64, 70.72, 0.00029691
_256_, 37.64, 70.72, 0.00029691
_441_, 37.64, 70.72, 0.00029691
hold27, 37.64, 70.72, 0.00029691
FILLER_0_22_73, 37.64, 70.72, 0.00029691
FILLER_0_22_80, 37.64, 70.72, 0.00029691
_267_, 62.64, 70.72, 0.000258403
_437_, 62.64, 70.72, 0.000258403
FILLER_0_21_113, 62.64, 70.72, 0.000258403
FILLER_0_21_121, 62.64, 70.72, 0.000258403
FILLER_0_22_114, 62.64, 70.72, 0.000258403
PHY_38, 5.52, 65.28, 0.000294385
PHY_40, 5.52, 65.28, 0.000294385
input9, 5.52, 65.28, 0.000294385
_376_, 86.94, 65.28, 0.000253283
PHY_39, 86.94, 65.28, 0.000253283
PHY_41, 86.94, 65.28, 0.000253283
input4, 86.94, 65.28, 0.000253283
_291_, 15.33, 65.28, 0.000293875
_292_, 15.33, 65.28, 0.000293875
hold35, 15.33, 65.28, 0.000293875
FILLER_0_20_18, 15.33, 65.28, 0.000293875
_384_, 37.64, 65.28, 0.000284688
_404_, 37.64, 65.28, 0.000284688
_452_, 37.64, 65.28, 0.000284688
hold12, 37.64, 65.28, 0.000284688
FILLER_0_19_57, 37.64, 65.28, 0.000284688
_388_, 62.64, 65.28, 0.000265584
_436_, 62.64, 65.28, 0.000265584
FILLER_0_20_136, 62.64, 65.28, 0.000265584
_445_, 5.52, 59.84, 0.000353302
PHY_34, 5.52, 59.84, 0.000353302
PHY_36, 5.52, 59.84, 0.000353302
FILLER_0_19_3, 5.52, 59.84, 0.000353302
_369_, 86.94, 59.84, 0.000245657
PHY_35, 86.94, 59.84, 0.000245657
PHY_37, 86.94, 59.84, 0.000245657
_246_, 15.33, 59.84, 0.00033673
_397_, 15.33, 59.84, 0.00033673
_446_, 15.33, 59.84, 0.00033673
FILLER_0_17_11, 15.33, 59.84, 0.00033673
FILLER_0_18_15, 15.33, 59.84, 0.00033673
FILLER_0_18_24, 15.33, 59.84, 0.00033673
FILLER_0_19_30, 15.33, 59.84, 0.00033673
_224_, 37.64, 59.84, 0.000296773
_225_, 37.64, 59.84, 0.000296773
_229_, 37.64, 59.84, 0.000296773
_233_, 37.64, 59.84, 0.000296773
_247_, 37.64, 59.84, 0.000296773
_454_, 37.64, 59.84, 0.000296773
FILLER_0_18_67, 37.64, 59.84, 0.000296773
FILLER_0_18_80, 37.64, 59.84, 0.000296773
_310_, 62.64, 59.84, 0.0002689
_312_, 62.64, 59.84, 0.0002689
_387_, 62.64, 59.84, 0.0002689
_421_, 62.64, 59.84, 0.0002689
hold18, 62.64, 59.84, 0.0002689
FILLER_0_17_113, 62.64, 59.84, 0.0002689
FILLER_0_18_118, 62.64, 59.84, 0.0002689
FILLER_0_18_133, 62.64, 59.84, 0.0002689
PHY_30, 5.52, 54.4, 0.000262347
PHY_32, 5.52, 54.4, 0.000262347
FILLER_0_17_3, 5.52, 54.4, 0.000262347
PHY_31, 86.94, 54.4, 0.000238126
PHY_33, 86.94, 54.4, 0.000238126
input11, 86.94, 54.4, 0.000238126
FILLER_0_15_165, 86.94, 54.4, 0.000238126
FILLER_0_16_170, 86.94, 54.4, 0.000238126
_398_, 15.33, 54.4, 0.000262347
FILLER_0_15_15, 15.33, 54.4, 0.000262347
FILLER_0_16_15, 15.33, 54.4, 0.000262347
_215_, 37.64, 54.4, 0.000275464
_220_, 37.64, 54.4, 0.000275464
_226_, 37.64, 54.4, 0.000275464
_227_, 37.64, 54.4, 0.000275464
_277_, 37.64, 54.4, 0.000275464
_406_, 37.64, 54.4, 0.000275464
hold30, 37.64, 54.4, 0.000275464
_309_, 62.64, 54.4, 0.000266799
_311_, 62.64, 54.4, 0.000266799
_370_, 62.64, 54.4, 0.000266799
_420_, 62.64, 54.4, 0.000266799
hold17, 62.64, 54.4, 0.000266799
FILLER_0_15_113, 62.64, 54.4, 0.000266799
PHY_26, 5.52, 48.96, 0.000383165
PHY_28, 5.52, 48.96, 0.000383165
input2, 5.52, 48.96, 0.000383165
FILLER_0_14_6, 5.52, 48.96, 0.000383165
_368_, 86.94, 48.96, 0.000274983
PHY_27, 86.94, 48.96, 0.000274983
PHY_29, 86.94, 48.96, 0.000274983
_355_, 15.33, 48.96, 0.000382578
_378_, 15.33, 48.96, 0.000382578
_389_, 15.33, 48.96, 0.000382578
_399_, 15.33, 48.96, 0.000382578
FILLER_0_14_19, 15.33, 48.96, 0.000382578
FILLER_0_15_28, 15.33, 48.96, 0.000382578
_216_, 37.64, 48.96, 0.000368258
_219_, 37.64, 48.96, 0.000368258
_276_, 37.64, 48.96, 0.000368258
_455_, 37.64, 48.96, 0.000368258
hold1, 37.64, 48.96, 0.000368258
FILLER_0_14_65, 37.64, 48.96, 0.000368258
_306_, 62.64, 48.96, 0.000302013
_307_, 62.64, 48.96, 0.000302013
_308_, 62.64, 48.96, 0.000302013
FILLER_0_13_113, 62.64, 48.96, 0.000302013
FILLER_0_14_136, 62.64, 48.96, 0.000302013
_447_, 5.52, 43.52, 0.000468362
PHY_22, 5.52, 43.52, 0.000468362
PHY_24, 5.52, 43.52, 0.000468362
FILLER_0_12_3, 5.52, 43.52, 0.000468362
FILLER_0_13_3, 5.52, 43.52, 0.000468362
PHY_23, 86.94, 43.52, 0.00028246
PHY_25, 86.94, 43.52, 0.00028246
FILLER_0_11_169, 86.94, 43.52, 0.00028246
_380_, 15.33, 43.52, 0.000449597
_450_, 15.33, 43.52, 0.000449597
hold3, 15.33, 43.52, 0.000449597
hold11, 15.33, 43.52, 0.000449597
FILLER_0_12_15, 15.33, 43.52, 0.000449597
FILLER_0_13_28, 15.33, 43.52, 0.000449597
_403_, 37.64, 43.52, 0.00041968
_407_, 37.64, 43.52, 0.00041968
clkbuf_0_clk, 37.64, 43.52, 0.00041968
hold4, 37.64, 43.52, 0.00041968
FILLER_0_12_61, 37.64, 43.52, 0.00041968
FILLER_0_12_79, 37.64, 43.52, 0.00041968
FILLER_0_13_77, 37.64, 43.52, 0.00041968
_205_, 62.64, 43.52, 0.000324702
_298_, 62.64, 43.52, 0.000324702
_300_, 62.64, 43.52, 0.000324702
_301_, 62.64, 43.52, 0.000324702
_304_, 62.64, 43.52, 0.000324702
_305_, 62.64, 43.52, 0.000324702
hold29, 62.64, 43.52, 0.000324702
FILLER_0_11_123, 62.64, 43.52, 0.000324702
FILLER_0_13_126, 62.64, 43.52, 0.000324702
_241_, 5.52, 38.08, 0.000575739
_429_, 5.52, 38.08, 0.000575739
PHY_18, 5.52, 38.08, 0.000575739
PHY_20, 5.52, 38.08, 0.000575739
FILLER_0_11_3, 5.52, 38.08, 0.000575739
_365_, 86.94, 38.08, 0.000318339
PHY_19, 86.94, 38.08, 0.000318339
PHY_21, 86.94, 38.08, 0.000318339
clkbuf_2_0__f_clk, 15.33, 38.08, 0.000552319
hold10, 15.33, 38.08, 0.000552319
FILLER_0_10_23, 15.33, 38.08, 0.000552319
_235_, 37.64, 38.08, 0.000431746
_274_, 37.64, 38.08, 0.000431746
_386_, 37.64, 38.08, 0.000431746
_435_, 37.64, 38.08, 0.000431746
FILLER_0_9_57, 37.64, 38.08, 0.000431746
FILLER_0_9_65, 37.64, 38.08, 0.000431746
_209_, 62.64, 38.08, 0.000363395
_299_, 62.64, 38.08, 0.000363395
_302_, 62.64, 38.08, 0.000363395
_322_, 62.64, 38.08, 0.000363395
hold38, 62.64, 38.08, 0.000363395
FILLER_0_10_129, 62.64, 38.08, 0.000363395
FILLER_0_11_133, 62.64, 38.08, 0.000363395
_242_, 5.52, 32.64, 0.000423891
_287_, 5.52, 32.64, 0.000423891
_288_, 5.52, 32.64, 0.000423891
PHY_14, 5.52, 32.64, 0.000423891
PHY_16, 5.52, 32.64, 0.000423891
FILLER_0_8_3, 5.52, 32.64, 0.000423891
_366_, 86.94, 32.64, 0.000328194
_375_, 86.94, 32.64, 0.000328194
PHY_15, 86.94, 32.64, 0.000328194
PHY_17, 86.94, 32.64, 0.000328194
output12, 86.94, 32.64, 0.000328194
FILLER_0_8_169, 86.94, 32.64, 0.000328194
_283_, 15.33, 32.64, 0.000411397
hold8, 15.33, 32.64, 0.000411397
hold32, 15.33, 32.64, 0.000411397
FILLER_0_7_21, 15.33, 32.64, 0.000411397
FILLER_0_8_25, 15.33, 32.64, 0.000411397
_214_, 37.64, 32.64, 0.000385811
_239_, 37.64, 32.64, 0.000385811
_356_, 37.64, 32.64, 0.000385811
_367_, 37.64, 32.64, 0.000385811
_400_, 37.64, 32.64, 0.000385811
_410_, 37.64, 32.64, 0.000385811
FILLER_0_9_71, 37.64, 32.64, 0.000385811
_295_, 62.64, 32.64, 0.000347745
_333_, 62.64, 32.64, 0.000347745
_415_, 62.64, 32.64, 0.000347745
FILLER_0_7_113, 62.64, 32.64, 0.000347745
FILLER_0_9_137, 62.64, 32.64, 0.000347745
_431_, 5.52, 27.2, 0.000442544
PHY_10, 5.52, 27.2, 0.000442544
PHY_12, 5.52, 27.2, 0.000442544
FILLER_0_7_3, 5.52, 27.2, 0.000442544
PHY_11, 86.94, 27.2, 0.000323101
PHY_13, 86.94, 27.2, 0.000323101
FILLER_0_5_169, 86.94, 27.2, 0.000323101
_382_, 15.33, 27.2, 0.000424634
_449_, 15.33, 27.2, 0.000424634
hold37, 15.33, 27.2, 0.000424634
FILLER_0_6_23, 15.33, 27.2, 0.000424634
_237_, 37.64, 27.2, 0.000373605
_285_, 37.64, 27.2, 0.000373605
_348_, 37.64, 27.2, 0.000373605
_359_, 37.64, 27.2, 0.000373605
hold39, 37.64, 27.2, 0.000373605
FILLER_0_6_68, 37.64, 27.2, 0.000373605
_207_, 62.64, 27.2, 0.000342271
_208_, 62.64, 27.2, 0.000342271
_296_, 62.64, 27.2, 0.000342271
_332_, 62.64, 27.2, 0.000342271
FILLER_0_6_131, 62.64, 27.2, 0.000342271
FILLER_0_7_125, 62.64, 27.2, 0.000342271
_284_, 5.52, 21.76, 0.000406854
PHY_6, 5.52, 21.76, 0.000406854
PHY_8, 5.52, 21.76, 0.000406854
FILLER_0_4_3, 5.52, 21.76, 0.000406854
FILLER_0_5_3, 5.52, 21.76, 0.000406854
FILLER_0_5_10, 5.52, 21.76, 0.000406854
PHY_7, 86.94, 21.76, 0.000339781
PHY_9, 86.94, 21.76, 0.000339781
FILLER_0_3_169, 86.94, 21.76, 0.000339781
FILLER_0_4_170, 86.94, 21.76, 0.000339781
_281_, 15.33, 21.76, 0.000403731
_289_, 15.33, 21.76, 0.000403731
_290_, 15.33, 21.76, 0.000403731
hold28, 15.33, 21.76, 0.000403731
FILLER_0_4_11, 15.33, 21.76, 0.000403731
_343_, 37.64, 21.76, 0.000378086
_381_, 37.64, 21.76, 0.000378086
_411_, 37.64, 21.76, 0.000378086
FILLER_0_3_57, 37.64, 21.76, 0.000378086
FILLER_0_5_78, 37.64, 21.76, 0.000378086
_328_, 62.64, 21.76, 0.000345943
_329_, 62.64, 21.76, 0.000345943
_330_, 62.64, 21.76, 0.000345943
_331_, 62.64, 21.76, 0.000345943
_334_, 62.64, 21.76, 0.000345943
_341_, 62.64, 21.76, 0.000345943
FILLER_0_3_113, 62.64, 21.76, 0.000345943
FILLER_0_4_132, 62.64, 21.76, 0.000345943
FILLER_0_5_133, 62.64, 21.76, 0.000345943
_282_, 5.52, 16.32, 0.00043969
_432_, 5.52, 16.32, 0.00043969
PHY_2, 5.52, 16.32, 0.00043969
PHY_4, 5.52, 16.32, 0.00043969
FILLER_0_2_3, 5.52, 16.32, 0.00043969
PHY_3, 86.94, 16.32, 0.000361103
PHY_5, 86.94, 16.32, 0.000361103
output24, 86.94, 16.32, 0.000361103
FILLER_0_2_168, 86.94, 16.32, 0.000361103
_383_, 15.33, 16.32, 0.000418894
_428_, 15.33, 16.32, 0.000418894
FILLER_0_2_23, 15.33, 16.32, 0.000418894
_353_, 37.64, 16.32, 0.000372748
_360_, 37.64, 16.32, 0.000372748
FILLER_0_1_69, 37.64, 16.32, 0.000372748
FILLER_0_2_77, 37.64, 16.32, 0.000372748
_335_, 62.64, 16.32, 0.000374102
_358_, 62.64, 16.32, 0.000374102
_414_, 62.64, 16.32, 0.000374102
hold16, 62.64, 16.32, 0.000374102
FILLER_0_2_117, 62.64, 16.32, 0.000374102
FILLER_0_2_126, 62.64, 16.32, 0.000374102
PHY_0, 5.52, 10.88, 0.000512041
output19, 5.52, 10.88, 0.000512041
output21, 5.52, 10.88, 0.000512041
FILLER_0_0_9, 5.52, 10.88, 0.000512041
PHY_1, 86.94, 10.88, 0.000349735
FILLER_0_0_169, 86.94, 10.88, 0.000349735
output22, 15.33, 10.88, 0.000471549
FILLER_0_0_21, 15.33, 10.88, 0.000471549
_408_, 37.64, 10.88, 0.000411398
FILLER_0_0_81, 37.64, 10.88, 0.000411398
_363_, 62.64, 10.88, 0.000376156
_413_, 62.64, 10.88, 0.000376156
input8, 62.64, 10.88, 0.000376156
FILLER_0_0_113, 62.64, 10.88, 0.000376156
FILLER_0_0_130, 62.64, 10.88, 0.000376156

