Instance name,  X location,  Y location,  Voltage 
output13, 71.84, 89.76, 1.79975
FILLER_0_28_137, 71.84, 89.76, 1.79975
FILLER_0_26_133, 71.84, 84.32, 1.79973
hold21, 71.84, 73.44, 1.79975
_266_, 71.84, 68, 1.79974
_293_, 71.84, 68, 1.79974
_388_, 71.84, 68, 1.79974
FILLER_0_20_136, 71.84, 68, 1.79974
_269_, 71.84, 62.56, 1.79973
_294_, 71.84, 62.56, 1.79973
_421_, 71.84, 62.56, 1.79973
_426_, 71.84, 62.56, 1.79973
FILLER_0_18_133, 71.84, 62.56, 1.79973
_370_, 71.84, 57.12, 1.79974
_371_, 71.84, 57.12, 1.79974
_419_, 71.84, 57.12, 1.79974
hold17, 71.84, 57.12, 1.79974
FILLER_0_16_141, 71.84, 57.12, 1.79974
FILLER_0_17_145, 71.84, 57.12, 1.79974
_317_, 71.84, 51.68, 1.79977
_320_, 71.84, 51.68, 1.79977
FILLER_0_14_136, 71.84, 51.68, 1.79977
FILLER_0_14_141, 71.84, 51.68, 1.79977
_298_, 71.84, 46.24, 1.79972
_300_, 71.84, 46.24, 1.79972
_313_, 71.84, 46.24, 1.79972
_314_, 71.84, 46.24, 1.79972
_316_, 71.84, 46.24, 1.79972
_319_, 71.84, 46.24, 1.79972
_321_, 71.84, 46.24, 1.79972
FILLER_0_13_141, 71.84, 46.24, 1.79972
_322_, 71.84, 40.8, 1.79972
_324_, 71.84, 40.8, 1.79972
_326_, 71.84, 40.8, 1.79972
_327_, 71.84, 40.8, 1.79972
FILLER_0_10_141, 71.84, 40.8, 1.79972
FILLER_0_11_133, 71.84, 40.8, 1.79972
FILLER_0_11_148, 71.84, 40.8, 1.79972
_325_, 71.84, 35.36, 1.7997
_364_, 71.84, 35.36, 1.7997
FILLER_0_9_137, 71.84, 35.36, 1.7997
FILLER_0_10_151, 71.84, 35.36, 1.7997
_207_, 71.84, 29.92, 1.79968
_297_, 71.84, 29.92, 1.79968
_417_, 71.84, 29.92, 1.79968
FILLER_0_6_131, 71.84, 29.92, 1.79968
_336_, 71.84, 24.48, 1.79969
_337_, 71.84, 24.48, 1.79969
_338_, 71.84, 24.48, 1.79969
_341_, 71.84, 24.48, 1.79969
_342_, 71.84, 24.48, 1.79969
_354_, 71.84, 24.48, 1.79969
FILLER_0_4_132, 71.84, 24.48, 1.79969
FILLER_0_5_133, 71.84, 24.48, 1.79969
FILLER_0_6_148, 71.84, 24.48, 1.79969
_339_, 71.84, 19.04, 1.79968
_340_, 71.84, 19.04, 1.79968
_412_, 71.84, 19.04, 1.79968
_362_, 71.84, 13.6, 1.79962
_413_, 71.84, 13.6, 1.79962
FILLER_0_0_146, 71.84, 13.6, 1.79962
FILLER_0_28_79, 46.84, 89.76, 1.79976
_257_, 46.84, 84.32, 1.79972
_261_, 46.84, 84.32, 1.79972
_395_, 46.84, 84.32, 1.79972
input7, 46.84, 84.32, 1.79972
FILLER_0_26_80, 46.84, 84.32, 1.79972
FILLER_0_26_85, 46.84, 84.32, 1.79972
FILLER_0_27_89, 46.84, 84.32, 1.79972
FILLER_0_27_97, 46.84, 84.32, 1.79972
FILLER_0_28_97, 46.84, 84.32, 1.79972
_260_, 46.84, 78.88, 1.79974
_262_, 46.84, 78.88, 1.79974
_393_, 46.84, 78.88, 1.79974
_439_, 46.84, 78.88, 1.79974
FILLER_0_24_80, 46.84, 78.88, 1.79974
FILLER_0_24_88, 46.84, 78.88, 1.79974
FILLER_0_25_89, 46.84, 78.88, 1.79974
FILLER_0_25_97, 46.84, 78.88, 1.79974
_255_, 46.84, 73.44, 1.79973
_256_, 46.84, 73.44, 1.79973
_258_, 46.84, 73.44, 1.79973
_440_, 46.84, 73.44, 1.79973
FILLER_0_22_80, 46.84, 73.44, 1.79973
_232_, 46.84, 68, 1.79974
_259_, 46.84, 68, 1.79974
hold22, 46.84, 68, 1.79974
FILLER_0_21_103, 46.84, 68, 1.79974
_224_, 46.84, 62.56, 1.79974
_247_, 46.84, 62.56, 1.79974
_444_, 46.84, 62.56, 1.79974
FILLER_0_18_80, 46.84, 62.56, 1.79974
_221_, 46.84, 57.12, 1.79975
_227_, 46.84, 57.12, 1.79975
_228_, 46.84, 57.12, 1.79975
_271_, 46.84, 57.12, 1.79975
hold30, 46.84, 57.12, 1.79975
FILLER_0_17_91, 46.84, 57.12, 1.79975
FILLER_0_17_102, 46.84, 57.12, 1.79975
FILLER_0_18_97, 46.84, 57.12, 1.79975
_212_, 46.84, 51.68, 1.79977
_213_, 46.84, 51.68, 1.79977
_219_, 46.84, 51.68, 1.79977
_222_, 46.84, 51.68, 1.79977
_223_, 46.84, 51.68, 1.79977
_270_, 46.84, 51.68, 1.79977
_424_, 46.84, 51.68, 1.79977
FILLER_0_14_88, 46.84, 51.68, 1.79977
FILLER_0_15_85, 46.84, 51.68, 1.79977
_217_, 46.84, 46.24, 1.79964
_218_, 46.84, 46.24, 1.79964
clkbuf_0_clk, 46.84, 46.24, 1.79964
clkbuf_2_3__f_clk, 46.84, 46.24, 1.79964
FILLER_0_12_79, 46.84, 46.24, 1.79964
FILLER_0_13_77, 46.84, 46.24, 1.79964
FILLER_0_13_100, 46.84, 46.24, 1.79964
_211_, 46.84, 40.8, 1.79969
_235_, 46.84, 40.8, 1.79969
_236_, 46.84, 40.8, 1.79969
_238_, 46.84, 40.8, 1.79969
_274_, 46.84, 40.8, 1.79969
_303_, 46.84, 40.8, 1.79969
_422_, 46.84, 40.8, 1.79969
max_cap25, 46.84, 40.8, 1.79969
FILLER_0_11_87, 46.84, 40.8, 1.79969
FILLER_0_11_95, 46.84, 40.8, 1.79969
_214_, 46.84, 35.36, 1.79962
_239_, 46.84, 35.36, 1.79962
_273_, 46.84, 35.36, 1.79962
_423_, 46.84, 35.36, 1.79962
clkbuf_2_2__f_clk, 46.84, 35.36, 1.79962
hold25, 46.84, 35.36, 1.79962
FILLER_0_10_92, 46.84, 35.36, 1.79962
_210_, 46.84, 29.92, 1.79967
_344_, 46.84, 29.92, 1.79967
_347_, 46.84, 29.92, 1.79967
_348_, 46.84, 29.92, 1.79967
_373_, 46.84, 29.92, 1.79967
FILLER_0_7_95, 46.84, 29.92, 1.79967
FILLER_0_7_103, 46.84, 29.92, 1.79967
FILLER_0_8_93, 46.84, 29.92, 1.79967
_204_, 46.84, 24.48, 1.79967
_231_, 46.84, 24.48, 1.79967
_343_, 46.84, 24.48, 1.79967
_345_, 46.84, 24.48, 1.79967
_346_, 46.84, 24.48, 1.79967
_350_, 46.84, 24.48, 1.79967
FILLER_0_5_78, 46.84, 24.48, 1.79967
_352_, 46.84, 19.04, 1.79967
_353_, 46.84, 19.04, 1.79967
_357_, 46.84, 19.04, 1.79967
_360_, 46.84, 19.04, 1.79967
FILLER_0_2_77, 46.84, 19.04, 1.79967
_349_, 46.84, 13.6, 1.79961
_351_, 46.84, 13.6, 1.79961
_409_, 46.84, 13.6, 1.79961
output18, 46.84, 13.6, 1.79961
FILLER_0_0_81, 46.84, 13.6, 1.79961
FILLER_0_1_101, 46.84, 13.6, 1.79961
FILLER_0_28_29, 21.84, 89.76, 1.79975
output15, 21.84, 84.32, 1.79969
_253_, 21.84, 73.44, 1.7997
_427_, 21.84, 73.44, 1.7997
_442_, 21.84, 73.44, 1.7997
hold36, 21.84, 73.44, 1.7997
FILLER_0_23_27, 21.84, 73.44, 1.7997
FILLER_0_23_39, 21.84, 73.44, 1.7997
_292_, 21.84, 68, 1.79971
_433_, 21.84, 68, 1.79971
hold35, 21.84, 68, 1.79971
_246_, 21.84, 62.56, 1.79972
_279_, 21.84, 62.56, 1.79972
_280_, 21.84, 62.56, 1.79972
_377_, 21.84, 62.56, 1.79972
hold6, 21.84, 62.56, 1.79972
FILLER_0_19_30, 21.84, 62.56, 1.79972
_230_, 21.84, 57.12, 1.79972
_245_, 21.84, 57.12, 1.79972
_405_, 21.84, 57.12, 1.79972
_453_, 21.84, 57.12, 1.79972
FILLER_0_17_41, 21.84, 57.12, 1.79972
_399_, 21.84, 51.68, 1.79975
hold2, 21.84, 51.68, 1.79975
FILLER_0_15_28, 21.84, 51.68, 1.79975
_434_, 21.84, 46.24, 1.79961
clkbuf_2_1__f_clk, 21.84, 46.24, 1.79961
hold3, 21.84, 46.24, 1.79961
FILLER_0_13_28, 21.84, 46.24, 1.79961
_244_, 21.84, 40.8, 1.79965
_278_, 21.84, 40.8, 1.79965
_385_, 21.84, 40.8, 1.79965
_451_, 21.84, 40.8, 1.79965
hold10, 21.84, 40.8, 1.79965
_240_, 21.84, 35.36, 1.79957
_243_, 21.84, 35.36, 1.79957
hold5, 21.84, 35.36, 1.79957
hold8, 21.84, 35.36, 1.79957
hold9, 21.84, 35.36, 1.79957
FILLER_0_9_36, 21.84, 35.36, 1.79957
FILLER_0_10_37, 21.84, 35.36, 1.79957
_448_, 21.84, 29.92, 1.79963
hold7, 21.84, 29.92, 1.79963
hold37, 21.84, 29.92, 1.79963
_286_, 21.84, 24.48, 1.79965
_289_, 21.84, 24.48, 1.79965
_401_, 21.84, 24.48, 1.79965
hold28, 21.84, 24.48, 1.79965
FILLER_0_5_39, 21.84, 24.48, 1.79965
FILLER_0_6_37, 21.84, 24.48, 1.79965
_379_, 21.84, 19.04, 1.79962
_428_, 21.84, 19.04, 1.79962
_430_, 21.84, 19.04, 1.79962
FILLER_0_3_47, 21.84, 19.04, 1.79962
FILLER_0_4_41, 21.84, 19.04, 1.79962
FILLER_0_0_41, 21.84, 13.6, 1.7996
FILLER_0_0_49, 21.84, 13.6, 1.7996
FILLER_0_1_45, 21.84, 13.6, 1.7996
PHY_56, 5.52, 89.76, 1.79975
PHY_57, 86.94, 89.76, 1.79974
input1, 86.94, 89.76, 1.79974
input10, 13.68, 89.76, 1.79975
FILLER_0_28_57, 34.34, 89.76, 1.79975
FILLER_0_28_104, 59.34, 89.76, 1.79975
FILLER_0_28_159, 79.39, 89.76, 1.79974
PHY_52, 5.52, 84.32, 1.79966
PHY_54, 5.52, 84.32, 1.79966
output17, 5.52, 84.32, 1.79966
PHY_53, 86.94, 84.32, 1.79972
PHY_55, 86.94, 84.32, 1.79972
FILLER_0_27_169, 86.94, 84.32, 1.79972
FILLER_0_28_24, 13.68, 84.32, 1.79967
_249_, 34.34, 84.32, 1.79967
_250_, 34.34, 84.32, 1.79967
_443_, 34.34, 84.32, 1.79967
output23, 34.34, 84.32, 1.79967
hold24, 34.34, 84.32, 1.79967
FILLER_0_26_53, 34.34, 84.32, 1.79967
FILLER_0_27_51, 34.34, 84.32, 1.79967
FILLER_0_28_70, 34.34, 84.32, 1.79967
hold23, 59.34, 84.32, 1.79972
FILLER_0_27_109, 59.34, 84.32, 1.79972
output16, 79.39, 84.32, 1.79972
FILLER_0_27_157, 79.39, 84.32, 1.79972
FILLER_0_27_165, 79.39, 84.32, 1.79972
PHY_48, 5.52, 78.88, 1.79974
PHY_50, 5.52, 78.88, 1.79974
input6, 5.52, 78.88, 1.79974
PHY_49, 86.94, 78.88, 1.79975
PHY_51, 86.94, 78.88, 1.79975
input5, 86.94, 78.88, 1.79975
_248_, 34.34, 78.88, 1.79973
_275_, 34.34, 78.88, 1.79973
FILLER_0_25_68, 34.34, 78.88, 1.79973
_265_, 59.34, 78.88, 1.79973
_390_, 59.34, 78.88, 1.79973
_391_, 59.34, 78.88, 1.79973
_438_, 59.34, 78.88, 1.79973
hold20, 59.34, 78.88, 1.79973
hold26, 59.34, 78.88, 1.79973
FILLER_0_24_115, 59.34, 78.88, 1.79973
FILLER_0_25_162, 79.39, 78.88, 1.79975
FILLER_0_26_165, 79.39, 78.88, 1.79975
PHY_44, 5.52, 73.44, 1.7997
PHY_46, 5.52, 73.44, 1.7997
PHY_45, 86.94, 73.44, 1.79975
PHY_47, 86.94, 73.44, 1.79975
FILLER_0_22_169, 86.94, 73.44, 1.79975
FILLER_0_23_169, 86.94, 73.44, 1.79975
_251_, 34.34, 73.44, 1.79969
_252_, 34.34, 73.44, 1.79969
_394_, 34.34, 73.44, 1.79969
_441_, 34.34, 73.44, 1.79969
hold19, 34.34, 73.44, 1.79969
FILLER_0_23_57, 34.34, 73.44, 1.79969
_254_, 59.34, 73.44, 1.79973
_263_, 59.34, 73.44, 1.79973
_264_, 59.34, 73.44, 1.79973
_268_, 59.34, 73.44, 1.79973
_392_, 59.34, 73.44, 1.79973
FILLER_0_22_114, 59.34, 73.44, 1.79973
FILLER_0_23_116, 59.34, 73.44, 1.79973
FILLER_0_23_161, 79.39, 73.44, 1.79975
FILLER_0_24_165, 79.39, 73.44, 1.79975
PHY_40, 5.52, 68, 1.79971
PHY_42, 5.52, 68, 1.79971
_376_, 86.94, 68, 1.79973
PHY_41, 86.94, 68, 1.79973
PHY_43, 86.94, 68, 1.79973
FILLER_0_21_169, 86.94, 68, 1.79973
_291_, 13.68, 68, 1.79971
FILLER_0_21_15, 13.68, 68, 1.79971
_234_, 34.34, 68, 1.7997
_384_, 34.34, 68, 1.7997
_452_, 34.34, 68, 1.7997
hold12, 34.34, 68, 1.7997
hold27, 34.34, 68, 1.7997
FILLER_0_22_73, 34.34, 68, 1.7997
_267_, 59.34, 68, 1.79973
_437_, 59.34, 68, 1.79973
FILLER_0_21_113, 59.34, 68, 1.79973
FILLER_0_21_121, 59.34, 68, 1.79973
hold33, 79.39, 68, 1.79973
hold34, 79.39, 68, 1.79973
FILLER_0_21_165, 79.39, 68, 1.79973
PHY_36, 5.52, 62.56, 1.79971
PHY_38, 5.52, 62.56, 1.79971
input9, 5.52, 62.56, 1.79971
FILLER_0_19_3, 5.52, 62.56, 1.79971
PHY_37, 86.94, 62.56, 1.79973
PHY_39, 86.94, 62.56, 1.79973
input4, 86.94, 62.56, 1.79973
_445_, 13.68, 62.56, 1.79971
FILLER_0_18_15, 13.68, 62.56, 1.79971
FILLER_0_20_18, 13.68, 62.56, 1.79971
_229_, 34.34, 62.56, 1.79972
_233_, 34.34, 62.56, 1.79972
_404_, 34.34, 62.56, 1.79972
FILLER_0_19_57, 34.34, 62.56, 1.79972
_272_, 59.34, 62.56, 1.79972
_387_, 59.34, 62.56, 1.79972
_396_, 59.34, 62.56, 1.79972
_436_, 59.34, 62.56, 1.79972
PHY_32, 5.52, 57.12, 1.79971
PHY_34, 5.52, 57.12, 1.79971
FILLER_0_17_3, 5.52, 57.12, 1.79971
_369_, 86.94, 57.12, 1.79974
PHY_33, 86.94, 57.12, 1.79974
PHY_35, 86.94, 57.12, 1.79974
FILLER_0_16_170, 86.94, 57.12, 1.79974
_397_, 13.68, 57.12, 1.79971
_446_, 13.68, 57.12, 1.79971
FILLER_0_16_15, 13.68, 57.12, 1.79971
FILLER_0_17_11, 13.68, 57.12, 1.79971
FILLER_0_18_24, 13.68, 57.12, 1.79971
_225_, 34.34, 57.12, 1.79972
_406_, 34.34, 57.12, 1.79972
_454_, 34.34, 57.12, 1.79972
FILLER_0_16_53, 34.34, 57.12, 1.79972
FILLER_0_17_50, 34.34, 57.12, 1.79972
FILLER_0_18_67, 34.34, 57.12, 1.79972
_309_, 59.34, 57.12, 1.79972
_310_, 59.34, 57.12, 1.79972
_312_, 59.34, 57.12, 1.79972
_420_, 59.34, 57.12, 1.79972
hold18, 59.34, 57.12, 1.79972
FILLER_0_17_113, 59.34, 57.12, 1.79972
FILLER_0_18_118, 59.34, 57.12, 1.79972
_318_, 79.39, 57.12, 1.79974
PHY_28, 5.52, 51.68, 1.79974
PHY_30, 5.52, 51.68, 1.79974
PHY_29, 86.94, 51.68, 1.79975
PHY_31, 86.94, 51.68, 1.79975
input11, 86.94, 51.68, 1.79975
_378_, 13.68, 51.68, 1.79974
_389_, 13.68, 51.68, 1.79974
_398_, 13.68, 51.68, 1.79974
FILLER_0_15_15, 13.68, 51.68, 1.79974
_215_, 34.34, 51.68, 1.79975
_216_, 34.34, 51.68, 1.79975
_220_, 34.34, 51.68, 1.79975
_226_, 34.34, 51.68, 1.79975
_277_, 34.34, 51.68, 1.79975
_306_, 59.34, 51.68, 1.79977
_311_, 59.34, 51.68, 1.79977
_374_, 59.34, 51.68, 1.79977
FILLER_0_15_109, 59.34, 51.68, 1.79977
FILLER_0_15_113, 59.34, 51.68, 1.79977
_315_, 79.39, 51.68, 1.79975
_418_, 79.39, 51.68, 1.79975
FILLER_0_15_157, 79.39, 51.68, 1.79975
FILLER_0_15_165, 79.39, 51.68, 1.79975
_447_, 5.52, 46.24, 1.79957
PHY_24, 5.52, 46.24, 1.79957
PHY_26, 5.52, 46.24, 1.79957
input2, 5.52, 46.24, 1.79957
FILLER_0_13_3, 5.52, 46.24, 1.79957
FILLER_0_14_6, 5.52, 46.24, 1.79957
_368_, 86.94, 46.24, 1.79972
PHY_25, 86.94, 46.24, 1.79972
PHY_27, 86.94, 46.24, 1.79972
_355_, 13.68, 46.24, 1.79959
_380_, 13.68, 46.24, 1.79959
FILLER_0_12_15, 13.68, 46.24, 1.79959
FILLER_0_14_19, 13.68, 46.24, 1.79959
_276_, 34.34, 46.24, 1.7996
_402_, 34.34, 46.24, 1.7996
_455_, 34.34, 46.24, 1.7996
hold1, 34.34, 46.24, 1.7996
FILLER_0_12_53, 34.34, 46.24, 1.7996
FILLER_0_12_61, 34.34, 46.24, 1.7996
FILLER_0_13_52, 34.34, 46.24, 1.7996
FILLER_0_14_65, 34.34, 46.24, 1.7996
_205_, 59.34, 46.24, 1.79967
_307_, 59.34, 46.24, 1.79967
_308_, 59.34, 46.24, 1.79967
_372_, 59.34, 46.24, 1.79967
FILLER_0_13_113, 59.34, 46.24, 1.79967
FILLER_0_13_126, 59.34, 46.24, 1.79967
PHY_20, 5.52, 40.8, 1.79962
PHY_22, 5.52, 40.8, 1.79962
FILLER_0_11_3, 5.52, 40.8, 1.79962
FILLER_0_12_3, 5.52, 40.8, 1.79962
PHY_21, 86.94, 40.8, 1.79971
PHY_23, 86.94, 40.8, 1.79971
FILLER_0_11_169, 86.94, 40.8, 1.79971
_241_, 13.68, 40.8, 1.79962
_450_, 13.68, 40.8, 1.79962
hold11, 13.68, 40.8, 1.79962
_403_, 34.34, 40.8, 1.79965
_407_, 34.34, 40.8, 1.79965
_435_, 34.34, 40.8, 1.79965
hold4, 34.34, 40.8, 1.79965
FILLER_0_10_55, 34.34, 40.8, 1.79965
_299_, 59.34, 40.8, 1.79969
_301_, 59.34, 40.8, 1.79969
_304_, 59.34, 40.8, 1.79969
_305_, 59.34, 40.8, 1.79969
hold29, 59.34, 40.8, 1.79969
FILLER_0_11_109, 59.34, 40.8, 1.79969
FILLER_0_11_123, 59.34, 40.8, 1.79969
_416_, 79.39, 40.8, 1.79971
hold14, 79.39, 40.8, 1.79971
_287_, 5.52, 35.36, 1.79945
_288_, 5.52, 35.36, 1.79945
_429_, 5.52, 35.36, 1.79945
PHY_16, 5.52, 35.36, 1.79945
PHY_18, 5.52, 35.36, 1.79945
_365_, 86.94, 35.36, 1.79969
PHY_17, 86.94, 35.36, 1.79969
PHY_19, 86.94, 35.36, 1.79969
FILLER_0_8_169, 86.94, 35.36, 1.79969
_242_, 13.68, 35.36, 1.79947
clkbuf_2_0__f_clk, 13.68, 35.36, 1.79947
hold32, 13.68, 35.36, 1.79947
FILLER_0_10_23, 13.68, 35.36, 1.79947
_367_, 34.34, 35.36, 1.79959
_386_, 34.34, 35.36, 1.79959
FILLER_0_9_57, 34.34, 35.36, 1.79959
FILLER_0_9_65, 34.34, 35.36, 1.79959
FILLER_0_9_71, 34.34, 35.36, 1.79959
_206_, 59.34, 35.36, 1.79965
_209_, 59.34, 35.36, 1.79965
_295_, 59.34, 35.36, 1.79965
_302_, 59.34, 35.36, 1.79965
hold38, 59.34, 35.36, 1.79965
FILLER_0_8_104, 59.34, 35.36, 1.79965
FILLER_0_10_129, 59.34, 35.36, 1.79965
_323_, 79.39, 35.36, 1.79969
hold15, 79.39, 35.36, 1.79969
PHY_12, 5.52, 29.92, 1.79962
PHY_14, 5.52, 29.92, 1.79962
FILLER_0_7_3, 5.52, 29.92, 1.79962
FILLER_0_8_3, 5.52, 29.92, 1.79962
PHY_13, 86.94, 29.92, 1.79967
PHY_15, 86.94, 29.92, 1.79967
output12, 86.94, 29.92, 1.79967
_283_, 13.68, 29.92, 1.79962
_449_, 13.68, 29.92, 1.79962
FILLER_0_7_21, 13.68, 29.92, 1.79962
FILLER_0_8_25, 13.68, 29.92, 1.79962
_356_, 34.34, 29.92, 1.79963
_400_, 34.34, 29.92, 1.79963
_410_, 34.34, 29.92, 1.79963
hold39, 34.34, 29.92, 1.79963
_333_, 59.34, 29.92, 1.79966
_415_, 59.34, 29.92, 1.79966
FILLER_0_7_113, 59.34, 29.92, 1.79966
FILLER_0_7_125, 59.34, 29.92, 1.79966
_366_, 79.39, 29.92, 1.79967
_375_, 79.39, 29.92, 1.79967
_425_, 79.39, 29.92, 1.79967
FILLER_0_7_162, 79.39, 29.92, 1.79967
_284_, 5.52, 24.48, 1.79961
_431_, 5.52, 24.48, 1.79961
PHY_8, 5.52, 24.48, 1.79961
PHY_10, 5.52, 24.48, 1.79961
FILLER_0_5_3, 5.52, 24.48, 1.79961
PHY_9, 86.94, 24.48, 1.79968
PHY_11, 86.94, 24.48, 1.79968
FILLER_0_4_170, 86.94, 24.48, 1.79968
FILLER_0_5_169, 86.94, 24.48, 1.79968
_281_, 13.68, 24.48, 1.79963
_382_, 13.68, 24.48, 1.79963
FILLER_0_4_11, 13.68, 24.48, 1.79963
FILLER_0_5_10, 13.68, 24.48, 1.79963
FILLER_0_6_23, 13.68, 24.48, 1.79963
_237_, 34.34, 24.48, 1.79966
_285_, 34.34, 24.48, 1.79966
_359_, 34.34, 24.48, 1.79966
FILLER_0_5_52, 34.34, 24.48, 1.79966
FILLER_0_6_68, 34.34, 24.48, 1.79966
_208_, 59.34, 24.48, 1.79967
_296_, 59.34, 24.48, 1.79967
_330_, 59.34, 24.48, 1.79967
_332_, 59.34, 24.48, 1.79967
FILLER_0_5_104, 59.34, 24.48, 1.79967
hold13, 79.39, 24.48, 1.79968
FILLER_0_5_155, 79.39, 24.48, 1.79968
_432_, 5.52, 19.04, 1.79959
PHY_4, 5.52, 19.04, 1.79959
PHY_6, 5.52, 19.04, 1.79959
FILLER_0_4_3, 5.52, 19.04, 1.79959
PHY_5, 86.94, 19.04, 1.79968
PHY_7, 86.94, 19.04, 1.79968
FILLER_0_3_169, 86.94, 19.04, 1.79968
_290_, 13.68, 19.04, 1.79961
_383_, 13.68, 19.04, 1.79961
_381_, 34.34, 19.04, 1.79963
_411_, 34.34, 19.04, 1.79963
FILLER_0_3_57, 34.34, 19.04, 1.79963
_328_, 59.34, 19.04, 1.79967
_329_, 59.34, 19.04, 1.79967
_331_, 59.34, 19.04, 1.79967
_334_, 59.34, 19.04, 1.79967
FILLER_0_2_117, 59.34, 19.04, 1.79967
FILLER_0_3_109, 59.34, 19.04, 1.79967
FILLER_0_3_113, 59.34, 19.04, 1.79967
_361_, 79.39, 19.04, 1.79968
FILLER_0_3_164, 79.39, 19.04, 1.79968
_282_, 5.52, 13.6, 1.79951
PHY_0, 5.52, 13.6, 1.79951
PHY_2, 5.52, 13.6, 1.79951
output19, 5.52, 13.6, 1.79951
output21, 5.52, 13.6, 1.79951
FILLER_0_2_3, 5.52, 13.6, 1.79951
PHY_1, 86.94, 13.6, 1.79958
PHY_3, 86.94, 13.6, 1.79958
output24, 86.94, 13.6, 1.79958
FILLER_0_0_169, 86.94, 13.6, 1.79958
output22, 13.68, 13.6, 1.79955
FILLER_0_0_9, 13.68, 13.6, 1.79955
FILLER_0_0_21, 13.68, 13.6, 1.79955
FILLER_0_2_23, 13.68, 13.6, 1.79955
_408_, 34.34, 13.6, 1.79959
input3, 34.34, 13.6, 1.79959
FILLER_0_1_53, 34.34, 13.6, 1.79959
FILLER_0_1_69, 34.34, 13.6, 1.79959
_335_, 59.34, 13.6, 1.79959
_358_, 59.34, 13.6, 1.79959
_363_, 59.34, 13.6, 1.79959
_414_, 59.34, 13.6, 1.79959
input8, 59.34, 13.6, 1.79959
hold16, 59.34, 13.6, 1.79959
hold31, 59.34, 13.6, 1.79959
FILLER_0_0_105, 59.34, 13.6, 1.79959
FILLER_0_0_113, 59.34, 13.6, 1.79959
FILLER_0_0_130, 59.34, 13.6, 1.79959
FILLER_0_2_126, 59.34, 13.6, 1.79959
output14, 79.39, 13.6, 1.79959
output20, 79.39, 13.6, 1.79959
FILLER_0_0_154, 79.39, 13.6, 1.79959
FILLER_0_0_163, 79.39, 13.6, 1.79959
FILLER_0_1_156, 79.39, 13.6, 1.79959
FILLER_0_2_168, 79.39, 13.6, 1.79959

